free/fedora/releases/8
free/fedora/releases/9
free/fedora/releases/10
free/fedora/releases/11
free/fedora/releases/12
free/fedora/releases/13
free/fedora/releases/14
free/fedora/releases/15
free/fedora/releases/16
free/fedora/releases/17
free/fedora/releases/18
free/fedora/releases/19
free/fedora/releases/20
free/fedora/releases/21
free/fedora/updates/8
free/fedora/updates/9
free/fedora/updates/10
free/fedora/updates/11
free/fedora/updates/12
free/fedora/updates/13
free/fedora/updates/14
free/fedora/updates/15
free/fedora/updates/16
free/fedora/updates/17
free/fedora/updates/18
free/fedora/updates/19
free/fedora/updates/20
free/fedora/updates/21
free/fedora/updates/testing/8
free/fedora/updates/testing/9
free/fedora/updates/testing/10
free/fedora/updates/testing/11
free/fedora/updates/testing/12
free/fedora/updates/testing/13
free/fedora/updates/testing/14
free/fedora/updates/testing/15
free/fedora/updates/testing/16
free/fedora/updates/testing/17
free/fedora/updates/testing/18
free/fedora/updates/testing/19
free/fedora/updates/testing/20
free/fedora/updates/testing/21
nonfree/fedora/releases/8
nonfree/fedora/releases/9
nonfree/fedora/releases/10
nonfree/fedora/releases/11
nonfree/fedora/releases/12
nonfree/fedora/releases/13
nonfree/fedora/releases/14
nonfree/fedora/releases/15
nonfree/fedora/releases/16
nonfree/fedora/releases/17
nonfree/fedora/releases/18
nonfree/fedora/releases/19
nonfree/fedora/releases/20
nonfree/fedora/releases/21
nonfree/fedora/updates/8
nonfree/fedora/updates/9
nonfree/fedora/updates/10
nonfree/fedora/updates/11
nonfree/fedora/updates/12
nonfree/fedora/updates/13
nonfree/fedora/updates/14
nonfree/fedora/updates/15
nonfree/fedora/updates/16
nonfree/fedora/updates/17
nonfree/fedora/updates/18
nonfree/fedora/updates/19
nonfree/fedora/updates/20
nonfree/fedora/updates/21
nonfree/fedora/updates/testing/8
nonfree/fedora/updates/testing/9
nonfree/fedora/updates/testing/10
nonfree/fedora/updates/testing/11
nonfree/fedora/updates/testing/12
nonfree/fedora/updates/testing/13
nonfree/fedora/updates/testing/14
nonfree/fedora/updates/testing/15
nonfree/fedora/updates/testing/16
nonfree/fedora/updates/testing/17
nonfree/fedora/updates/testing/18
nonfree/fedora/updates/testing/19
nonfree/fedora/updates/testing/20
nonfree/fedora/updates/testing/21
